// Jest Snapshot v1, https://goo.gl/fbAQLP

exports[`doesn't render snapshot button if it's a snapshot 1`] = `
<div
  className="sc-bdVaJa lkbuwB"
>
  <div
    className="sc-bwzfXH fdpnBr"
  />
</div>
`;

exports[`shows snapshot url 1`] = `
<div
  className="sc-bdVaJa lkbuwB"
>
  <div
    className="sc-bwzfXH fdpnBr"
  />
  <button
    className="sc-gzVnrw ieJGxp snapshotButton "
    onClick={[Function]}
  >
    <svg
      className="sc-htoDjs jYtsma"
    >
      snapshot.svg
    </svg>
    <span>
      Create a 
      <br />
      Snapshot
    </span>
  </button>
</div>
`;
