// Jest Snapshot v1, https://goo.gl/fbAQLP

exports[`previews resources 1`] = `
<nav
  className="TabNav"
>
  <ul>
    <li>
      <a
        className="tabLink "
        href="/r/foo"
        onClick={[Function]}
      >
        Logs
      </a>
    </li>
    <li>
      <a
        className="tabLink tabLink--is-selected"
        href="/r/foo/preview"
        onClick={[Function]}
      >
        Preview
      </a>
    </li>
    <li>
      <a
        className="tabLink "
        href="/r/foo/errors"
        onClick={[Function]}
      >
        Errors
      </a>
    </li>
  </ul>
</nav>
`;

exports[`shows error pane 1`] = `
<nav
  className="TabNav"
>
  <ul>
    <li>
      <a
        className="tabLink "
        href="/r/foo"
        onClick={[Function]}
      >
        Logs
      </a>
    </li>
    <li>
      <a
        className="tabLink "
        href="/r/foo/preview"
        onClick={[Function]}
      >
        Preview
      </a>
    </li>
    <li>
      <a
        className="tabLink tabLink--is-selected"
        href="/r/foo/errors"
        onClick={[Function]}
      >
        Errors
      </a>
    </li>
  </ul>
</nav>
`;

exports[`shows logs 1`] = `
<nav
  className="TabNav"
>
  <ul>
    <li>
      <a
        className="tabLink tabLink--is-selected"
        href="/r/foo"
        onClick={[Function]}
      >
        Logs
      </a>
    </li>
    <li>
      <a
        className="tabLink "
        href="/r/foo/preview"
        onClick={[Function]}
      >
        Preview
      </a>
    </li>
    <li>
      <a
        className="tabLink "
        href="/r/foo/errors"
        onClick={[Function]}
      >
        Errors
      </a>
    </li>
  </ul>
</nav>
`;
